============================================================
  Generated by:           Encounter(R) RTL Compiler v12.10-s012_1
  Generated on:           Oct 05 2026  06:33:58 am
  Module:                 des_round
  Technology library:     gpdk045bc 
  Operating conditions:   slow (balanced_tree)
  Wireload mode:          enclosed
  Area mode:              timing library
============================================================

                             
   Gate     Instances  Area     Library   
------------------------------------------
AND2X4              3  0.000    gpdk045bc 
AND2X6              2  0.000    gpdk045bc 
AOI211X2            2  0.000    gpdk045bc 
AOI211X4            1  0.000    gpdk045bc 
AOI21X1             1  0.000    gpdk045bc 
AOI21X2            23  0.000    gpdk045bc 
AOI21X4            30  0.000    gpdk045bc 
AOI221X2            5  0.000    gpdk045bc 
AOI221X4           44  0.000    gpdk045bc 
AOI222X2            3  0.000    gpdk045bc 
AOI222X4           13  0.000    gpdk045bc 
AOI22X1             1  0.000    gpdk045bc 
AOI22X2             4  0.000    gpdk045bc 
AOI22X4             2  0.000    gpdk045bc 
AOI2BB1X4           1  0.000    gpdk045bc 
AOI2BB2X2           2  0.000    gpdk045bc 
AOI2BB2X4           3  0.000    gpdk045bc 
AOI31X2             2  0.000    gpdk045bc 
CLKAND2X12          1  0.000    gpdk045bc 
CLKAND2X2           1  0.000    gpdk045bc 
CLKAND2X3           7  0.000    gpdk045bc 
CLKAND2X6           2  0.000    gpdk045bc 
CLKINVX1            8  0.000    gpdk045bc 
CLKINVX12           4  0.000    gpdk045bc 
CLKINVX16           6  0.000    gpdk045bc 
CLKINVX2           89  0.000    gpdk045bc 
CLKINVX20          16  0.000    gpdk045bc 
CLKINVX3           20  0.000    gpdk045bc 
CLKINVX4           50  0.000    gpdk045bc 
CLKINVX6            1  0.000    gpdk045bc 
CLKINVX8           18  0.000    gpdk045bc 
INVX6               2  0.000    gpdk045bc 
MXI2X1             32  0.000    gpdk045bc 
NAND2BX4           37  0.000    gpdk045bc 
NAND2X1             1  0.000    gpdk045bc 
NAND2X2            57  0.000    gpdk045bc 
NAND2X4            40  0.000    gpdk045bc 
NAND2X6            11  0.000    gpdk045bc 
NAND2X8             6  0.000    gpdk045bc 
NAND3BX4           11  0.000    gpdk045bc 
NAND3X2             9  0.000    gpdk045bc 
NAND3X4             6  0.000    gpdk045bc 
NAND3X8             1  0.000    gpdk045bc 
NAND4BBX4           3  0.000    gpdk045bc 
NAND4BX4            4  0.000    gpdk045bc 
NAND4X6             5  0.000    gpdk045bc 
NOR2BX2             1  0.000    gpdk045bc 
NOR2BX4             6  0.000    gpdk045bc 
NOR2X1              2  0.000    gpdk045bc 
NOR2X2             28  0.000    gpdk045bc 
NOR2X4             24  0.000    gpdk045bc 
NOR2X6              6  0.000    gpdk045bc 
NOR2X8              6  0.000    gpdk045bc 
NOR3BX4            10  0.000    gpdk045bc 
NOR3X2              4  0.000    gpdk045bc 
NOR3X4              5  0.000    gpdk045bc 
NOR3X6              2  0.000    gpdk045bc 
NOR4BBX2            3  0.000    gpdk045bc 
NOR4BBX4           10  0.000    gpdk045bc 
NOR4BX4             3  0.000    gpdk045bc 
NOR4X2              1  0.000    gpdk045bc 
NOR4X8              2  0.000    gpdk045bc 
OAI211X4            2  0.000    gpdk045bc 
OAI21X1             1  0.000    gpdk045bc 
OAI21X2            12  0.000    gpdk045bc 
OAI21X4             3  0.000    gpdk045bc 
OAI221X2            3  0.000    gpdk045bc 
OAI221X4           17  0.000    gpdk045bc 
OAI222X2            2  0.000    gpdk045bc 
OAI222X4            9  0.000    gpdk045bc 
OAI22X2             7  0.000    gpdk045bc 
OAI22X4             4  0.000    gpdk045bc 
OAI2BB1X4           1  0.000    gpdk045bc 
OAI2BB2X4           6  0.000    gpdk045bc 
OAI31X4             1  0.000    gpdk045bc 
OR2X6              14  0.000    gpdk045bc 
OR3X6               5  0.000    gpdk045bc 
XNOR2X4            15  0.000    gpdk045bc 
XOR2X4             33  0.000    gpdk045bc 
------------------------------------------
total             838  0.000              


                                
  Type   Instances  Area Area % 
--------------------------------
inverter       214 0.000    0.0 
logic          624 0.000    0.0 
--------------------------------
total          838 0.000    0.0 

