============================================================
  Generated by:           Encounter(R) RTL Compiler v12.10-s012_1
  Generated on:           Oct 05 2026  06:33:58 am
  Module:                 des_round
  Technology library:     gpdk045bc 
  Operating conditions:   slow (balanced_tree)
  Wireload mode:          enclosed
  Area mode:              timing library
============================================================

           Pin                Type      Fanout Load Slew Delay Arrival   
                                               (fF) (ps)  (ps)   (ps)    
-------------------------------------------------------------------------
(clock VCLK)                 launch                                  0 R 
(des_round.g_line_4_74_1)    ext delay                   +1000    1000 F 
round_key[37]                in port         1  1.7    0    +0    1000 F 
g16698/S0                                                   +0    1000   
g16698/Y                     MXI2X1          4 18.9  641  +370    1370 F 
g16280/B                                                    +0    1370   
g16280/Y                     NAND2X8         8 33.0  194  +224    1594 R 
g15769/A0                                                   +0    1594   
g15769/Y                     OAI222X4        2  8.2  228  +245    1840 F 
g15704/B                                                    +0    1840   
g15704/Y                     NOR2X4          2  3.0   80  +101    1940 R 
g16706/AN                                                   +0    1940   
g16706/Y                     NOR4BX4         1  2.9  147  +196    2136 R 
g15624/D                                                    +0    2136   
g15624/Y                     NAND4BBX4       1  1.5  142  +115    2251 F 
g16627/B                                                    +0    2251   
g16627/Y                     XNOR2X4         1  0.0   56  +208    2459 R 
state_out[19]                out port                       +0    2459 R 
(des_round.g_line_7_266_1)   ext delay                   +1000    3459 R 
- - - - - - - - - - - - - - - - - - - - - - - - - - - - - - - - - - - - -
(clock VCLK)                 capture                             10000 R 
-------------------------------------------------------------------------
Cost Group   : 'VCLK' (path_group 'VCLK')
Timing slack :    6541ps 
Start-point  : round_key[37]
End-point    : state_out[19]
